// Jest Snapshot v1, https://goo.gl/fbAQLP

exports[`CardContainer should match snapshot when all data is passed correctly 1`] = `
<div
  className="CardContainer"
>
  <Card
    incrementQuestionIndex={[MockFunction]}
    questionIndex={1}
    restartGame={[MockFunction]}
    saveToStorage={[MockFunction]}
    shouldRepeatQuestions={[MockFunction]}
  />
</div>
`;
