// Jest Snapshot v1, https://goo.gl/fbAQLP

exports[`Header should match snapshot when all data is passed correctly 1`] = `
<div
  className="header"
>
  <h1>
    Flash Cards 2: Electric Boogaloo
  </h1>
</div>
`;
